// Jest Snapshot v1, https://goo.gl/fbAQLP

exports[`snapshot example 1`] = `
Object {
  "other": "stuff",
  "some": "object",
}
`;
