// Jest Snapshot v1, https://goo.gl/fbAQLP

exports[`.createGreeting generates greeting 1`] = `
Object {
  "greeting": "Hello World",
}
`;
